# Tab1 evidence log — append-only, source-oriented
# Chat 6acae92b; owner Common #325; production gate #289; programme #5; PR #326.
# Each line is an observed event, not an independent Owner qualification or release authority.
2026-10-11 | chat=6acae92b | type=SOURCE_RECON | source=RECON/2026-10-11/4-report.md | blob=409e8f290dc72b5b8a24778bfc4298d2a210b034 | provenance=retrospective-not-independent
2026-10-11 | chat=6acae92b | type=CODE_CHANGE | branch=feature/v32-325-graph-bound-readonly-integration | commit=82b45eb0a947ffde8931448989c6e6b002c042fb | file=skills/engineering-pr-delivery-v3.1/tests/test_ci_terminal_checks.py | scope=one-file-reuse-PR327 | no-merge=true
2026-10-11 | chat=6acae92b | type=EXACT_HEAD_CI | sha=82b45eb0a947ffde8931448989c6e6b002c042fb | v31=38103233995:274/274:PASS | focused=38103234002:34x3:PASS | v32=38103233983:SUCCESS | delp=38103233960:SUCCESS | local=38103234029:SUCCESS | coverage_note=not-applicable-paths-possible | owner_AC=0/8
2026-10-11 | chat=6acae92b | type=PLAN_UPDATE | issue=325 | comment=6104485981 | revision=3 | scope=XS1,S2,S3
2026-10-11 | chat=6acae92b | type=FUTURE_BACKLOG | issue=289 | comment=6104487421 | size=M,L | release_gates=unchanged
2026-10-11 | chat=6acae92b | type=BOUNDARY | live_v32_writer=OFF | authentic_owner_source=UNPROVEN | qualified_review=UNPROVEN | agent_b=NOT_RUN | tab2=untouched
2026-10-11 | chat=6acae92b | type=XS1_RESULT | checkpoint=revision-3 | issue_plan_comment=6104485981 | parent_future_comment=6104487421 | title_body_writer=unchanged
2026-10-11 | chat=6acae92b | type=S2_SOURCE_COMPARE | branch_head=1ffff7799bf50f91641399b16099371452522eda | main_head=b24b3aedc070c7d2601457653ee2030f80d8af4a | only_main_paths=34 | only_branch_paths=18 | overlap_paths=0 | branch_diverged=true | base_merge=NOT_PERFORMED | reason=no-safe-merge-operation-in-connected-tooling-and-concurrent-unrelated-tabs | no_force=true
2026-10-11 | chat=6acae92b | type=S3_ADAPTER | code=relay/INTEGRATION/V32_325_GENERIC_SOURCE_20261011/rest_readonly_provider.py | test=test_rest_readonly_provider.py | issue_number_alias=explicit | original_source_auth=UNATTESTED | network_writes=0
2026-10-11 | chat=6acae92b | type=S3_REAL_GET | repo=reallakshman19/Common | root=5 | child=325 | pr=326 | pr_head=1ffff7799bf50f91641399b16099371452522eda | main=b24b3aedc070c7d2601457653ee2030f80d8af4a | shape=PASS | two_reads_same=PASS | original_owner_graph=NOT_RUN | content=not_logged
2026-10-11 | chat=6acae92b | type=S3_FOCUSED_CI | exact_head=1ffff7799bf50f91641399b16099371452522eda | run=38104486803 | result=SUCCESS | python_matrix=3.11,3.12,3.13 | scope=sanitized-replay-and-existing-synthetic
2026-10-11 | chat=6acae92b | type=UNCHANGED_RELEASE | programme_ac=0/8 | native_production=V3.1 | v32_live_writer=OFF | B=NOT_QUALIFIED | tab2=UNTOUCHED
2026-10-11 | chat=6acae92b | type=FULL_CODE_HEAD_CI | code_head=1ffff7799bf50f91641399b16099371452522eda | v31=38104486556:274/274:SUCCESS | focused=38104486803:44x3:SUCCESS | v32=38104486557:SUCCESS | delp=38104486571:SUCCESS | local=38104486569:SUCCESS | path-not-applicable-caveat=true | owner_ac=0/8
2026-10-11 | chat=6acae92b | type=DOC_ONLY_LATER_HEAD | head_pre_log=d9631c5c75f56eb3070d07a1b3baa80efb7daba5 | status=doc-only-head-not-CI-qualified | note=Do-not-attribute-code-head-tests-to-doc-only-commits
2026-10-11 | chat=6acae92b | type=S2_NATIVE_SYNC_PR | pr=328 | head_branch=main | head_sha=c75b0c49cecf0624961b8d1c2841a787d6c3fd51 | base_branch=feature/v32-325-graph-bound-readonly-integration | previous_base_sha=8bab9d7a6d8f92ee53ee84f58ab2f0aa6ef1ae9f | changed_path_overlap=0 | mergeable=true | merge_method=GitHub-native
2026-10-11 | chat=6acae92b | type=S2_MERGE_RESULT | feature_merge_sha=b14b9930aa4edea4dee4763888632d6f65d84637 | reverse_pr=328:MERGED | implementation_pr=326:DRAFT_UNMERGED | main_unchanged_by_merge=true | tab2_source_changed_by_agent=false | production_change=false
2026-10-11 | chat=6acae92b | type=S2_CI_SCHEDULED | merge_sha=b14b9930aa4edea4dee4763888632d6f65d84637 | runs=38108410710,38108410732,38108410745,38108410737,38108410706 | result=CHECK_CURRENT_EXACT_SHA | note=Later-coordination-commits-require-new-ci-and-have-no-ac-credit
2026-10-11 | chat=6acae92b | type=S2_SUCCESSOR_RECORD | plan_revision=4 | lineage=APPENDED | evidence_log=APPENDED | gate=production-HOLD | owner_ac=0/8 | v32_writer=OFF | merge_main=false
