TAB2 TASK EVIDENCE -- APPEND ONLY. Exact GitHub-posted TASK_EVIDENCE content retained below, separate from research summaries.
2026-10-11 | chat=6acae34d | TASK_EVIDENCE | source=https://github.com/reallakshman19/Grade9v3.5/issues/163#issuecomment-6104127815 | verbatim begin
## TASK_EVIDENCE — Q004 official-site sighting and actual S2 acquisition blocker (2026-10-11)

**Observed from publisher-controlled public surface (not retained PDF custody):** SOF Class-9 sample landing page https://sofworld.org/imo/class-9/sample-model-test-papers/imo-sample-papers-class-9 and official hosted two-page PDF https://sofworld.org/download/file/fid/73719 were accessible to the web viewer. Visually inspected both displayed PDF pages: Grade 9 IMO sample 2026–27, printed Q004 at PDF page index 0, mathematical-reasoning table and all four labelled choices on that displayed page; official printed answer-key entry **4 (B)** on page index 1. This repeats and independently refreshes #139's **browser observation only**. No copyright source stem/option listing/images copied into this issue.

**Separate computational check (independent agent arithmetic, not independent-human academic signoff):** the displayed four table rows all satisfy the linear relation `y = 2x - 1`; the other three displayed option formulas do not satisfy all rows, so choice B is unique. Printed key B agrees with this calculation. This does **not** close source-component custody or rights gates.

**S2 genuine acquisition attempt:** created an isolated local directory with mode **0700**, outside repository and CI. Direct HTTPS acquisition from the pinned organizer URL failed with `URLError: [Errno -3] Temporary failure in name resolution`; the independent download mechanism also failed. **No real source PDF file, no retained PDF SHA-256, no byte-count receipt, no #145 source_pipeline acquisition receipt, no document-hash-bound private Q004 inspection bundle.** A rendered browser view is not an acquisition receipt; source authenticity/version is not hash-pinned.

**Nine question-component custody statuses:** original_identifier, stem, subparts, options, conditions, figures, captions, hints and answer_or_rubric are **UNRESOLVED for canonical custody** pending examination of real retained bytes by the authorized operator. Web-screen observations are research sightings and must not be entered as `PRESERVED`/`EXTERNAL_REFERENCE_VERIFIED` in `question.extensions.source_custody` or forged as a completed #145 template.

**S4 rights:** SOF's website asserts all rights reserved and prior written consent for copying/using site content; the official contact page identifies `info@sofworld.org` for general queries. There is no paper-specific permission/independent rights-owner determination, no sent inquiry, and no authorised external-reference publication decision. **`SOURCE_RIGHTS_HOLD`.** Source: https://sofworld.org/contact and https://sofworld.org/.

**Draft enquiry — NOT SENT; authorized Owner/rights coordinator to approve and send:**

> To: info@sofworld.org (please route to the permissions/rightsholder representative)  
> Subject: Permission and rights-holder verification — SOF IMO Class 9 sample 2026–27, Q004  
> We operate a Grade 9 educational mathematics learner site and are evaluating whether Q004 from your official 2026–27 IMO Class 9 sample (https://sofworld.org/download/file/fid/73719) may be included with clear SOF attribution. Please confirm who controls the rights to this exact sample item, table/graphics, answer choices and key. Please advise separately whether you authorize (a) preserving the PDF privately for authenticity checking, (b) displaying the exact question/choice wording, (c) reproducing its table/figures, (d) displaying or adapting the answer key/solutions, (e) linking learners to the original PDF with external-reference-only presentation, and (f) derivative interactive/print educational delivery. If available, specify territory, duration, conditions, attribution, revocation and whether written permission is required for each use. We will not republish the source content pending an affirmative, evidenced decision.

**Checkpoint facts:** S1 metadata/source locator crosswalk supported; S2 NOT_DONE (DNS/access blocker), S3 web sighting + arithmetic only (full private inspection NOT_DONE), S4 request DRAFT_NOT_SENT, S5 final decision NOT_DONE. Retained source positions with admitted canonical Core2 proof remain **0/68**, QRT accepted **0/28**, learner release **HOLD** as in the frozen census. No repository/code/census/publication mutation and no source PDF uploaded. **NEXT:** authorized operator with functioning network or authenticated local PDF must run #145's private acquisition, verify original bytes, then hash-bound Q004 inspection; designated rights contact must send request and collect written disposition.
VERBATIM END | https://github.com/reallakshman19/Grade9v3.5/issues/163#issuecomment-6104127815
2026-10-11 | chat=6acae34d | POSTED BLOCK REFERENCE | IMPLEMENTATION_PLAN rev1 | source=https://github.com/reallakshman19/Grade9v3.5/issues/163#issuecomment-6104127564 | not a separate verbatim TASK_EVIDENCE heading
2026-10-11 | chat=6acae34d | POSTED BLOCK REFERENCE | TRACK_B_CHECKPOINT Q004 HOLD | source=https://github.com/reallakshman19/Grade9v3.5/issues/174#issuecomment-6104131075 | not a separate verbatim TASK_EVIDENCE heading
2026-10-11 | chat=6acae34d | POSTED BLOCK REFERENCE | Q004 source/rights owning handoff | source=https://github.com/reallakshman19/Grade9v3.5/issues/130#issuecomment-6104132888 | not a separate verbatim TASK_EVIDENCE heading
2026-10-11 | chat=6acae34d | POSTED BLOCK REFERENCE | owner override; 68-row read-only triage board | source=https://github.com/reallakshman19/Grade9v3.5/issues/174#issuecomment-6104182799 | not a separate verbatim TASK_EVIDENCE heading
2026-10-11 | chat=6acae34d | POSTED BLOCK REFERENCE | source operator stop-repeat override | source=https://github.com/reallakshman19/Grade9v3.5/issues/163#issuecomment-6104186070 | not a separate verbatim TASK_EVIDENCE heading
2026-10-11 | chat=6acae34d | POSTED BLOCK REFERENCE | Q004 Owner/QRT review packet | source=https://github.com/reallakshman19/Grade9v3.5/issues/130#issuecomment-6104186333 | not a separate verbatim TASK_EVIDENCE heading
2026-10-11 | chat=6acae34d | POSTED BLOCK REFERENCE | Q004 formal technical HOLD and priority queue | source=https://github.com/reallakshman19/Grade9v3.5/issues/174#issuecomment-6104201267 | not a separate verbatim TASK_EVIDENCE heading
2026-10-11 | chat=6acae34d | POSTED BLOCK REFERENCE | Q004 reviewer decisions | source=https://github.com/reallakshman19/Grade9v3.5/issues/130#issuecomment-6104202963 | not a separate verbatim TASK_EVIDENCE heading
2026-10-11 | chat=6acae34d | POSTED BLOCK REFERENCE | P1 seven-source research triage | source=https://github.com/reallakshman19/Grade9v3.5/issues/174#issuecomment-6104241254 | not a separate verbatim TASK_EVIDENCE heading
2026-10-11 | chat=6acae34d | POSTED BLOCK REFERENCE | Q007/Q008 QRT/rights handoff | source=https://github.com/reallakshman19/Grade9v3.5/issues/130#issuecomment-6104243688 | not a separate verbatim TASK_EVIDENCE heading
2026-10-11 | chat=6acae34d | POSTED BLOCK REFERENCE | P2 49-source decision register | source=https://github.com/reallakshman19/Grade9v3.5/issues/174#issuecomment-6104349425 | not a separate verbatim TASK_EVIDENCE heading
2026-10-11 | chat=6acae34d | POSTED BLOCK REFERENCE | P3 ten-case/eleven-position dispute matrix | source=https://github.com/reallakshman19/Grade9v3.5/issues/174#issuecomment-6104358617 | not a separate verbatim TASK_EVIDENCE heading
2026-10-11 | chat=6acae34d | POSTED BLOCK REFERENCE | 68/68 review handoff | source=https://github.com/reallakshman19/Grade9v3.5/issues/130#issuecomment-6104361846 | not a separate verbatim TASK_EVIDENCE heading
2026-10-11 | chat=6acae34d | POSTED BLOCK REFERENCE | programme coordination complete research triage | source=https://github.com/reallakshman19/Grade9v3.5/issues/137#issuecomment-6104362039 | not a separate verbatim TASK_EVIDENCE heading
2026-10-11 | chat=6acae34d | RECON | plan r1->r2 Owner accepts absent PDF for triage; no rights/QRT/Owner admission invented; see CHECKPOINTS.md and https://github.com/reallakshman19/Grade9v3.5/issues/174#issuecomment-6104201267
2026-10-11 | chat=6acae34d | RECON | full P0/P1/P2/P3 research 68/68, admission 0/68, QRT 0/28; see https://github.com/reallakshman19/Grade9v3.5/issues/174#issuecomment-6104358617
